[sirkulator.com/tr/index.html]
[backblue.gif]
[fade.gif]
[index.html]
[sirkulator.com/hubfs/hub_generated/template_assets/1/113020631765/1767907842338/template_main.min.css]
[7052064.fs1.hubspotusercontent-na1.net/hubfs/7052064/hub_generated/module_assets/1/-98459521332/1772827253828/module_image_slider_gallery.min.css]
[cdn.jsdelivr.net/npm/@splidejs/splide@4.1.2/dist/css/splide.min.css]
[sirkulator.com/hs-fs/hubfs/ksb-logo-data-12981.png]
[sirkulator.com/hubfs/solutions-forlife.png]
[sirkulator.com/hubfs/aassdd.jpg]
[sirkulator.com/hs-fs/hubfs/Adsız tasarım (10)09e4.png]
[sirkulator.com/hs-fs/hubfs/ksb-logo-data-134f7.png]
[sirkulator.com/hubfs/https___live-resources-e2e-sales.ksb.com_resource_image_405582_landscape_ratio16x9_3300_1856_28a3e430e4a83ec77f281a26b7588b4a_0DBF93F5B9CA60C1AAD0F821E02556A6_pic-s]
[sirkulator.com/hs/hsstatic/content-cwv-embed/static-1.1293/embed.js]
[sirkulator.com/hubfs/hub_generated/template_assets/1/113020632033/1767907843018/template_main.min.js]
[sirkulator.com/hs/hsstatic/cos-i18n/static-1.53/bundles/project.js]
[sirkulator.com/hubfs/hub_generated/module_assets/1/113021873625/1744305230452/module_Simple_Navbar.min.js]
[7052064.fs1.hubspotusercontent-na1.net/hubfs/7052064/hub_generated/module_assets/1/-98459521332/1772827253828/module_image_slider_gallery.min.js]
[cdn.jsdelivr.net/npm/@splidejs/splide@4.1.2/dist/js/splide.min.js]
[sirkulator.com/hubfs/hub_generated/module_assets/1/113021791714/1744305228457/module_FAQ.min.js]
[sirkulator.com/_hcms/forms/v2.js]
[sirkulator.com/hs/scriptloader/145268387.js]
[sirkulator.com/hs/hsstatic/HubspotToolsMenu/static-1.640/js/index.js]
[js-eu1.hs-scripts.com/145268387.js]
[sirkulator.com/tr/index.html]
[snap.licdn.com/li.lms-analytics/insight.min.js]
[145268387.fs1.hubspotusercontent-eu1.net/hubfs/145268387/raw_assets/public/@marketplace/kalungicom/atlas-theme/images/grayscale-mountain.png]
[sirkulator.com/hubfs/hub_generated/template_assets/1/113020631765/1767907842338/template_main.min.css]
[7052064.fs1.hubspotusercontent-na1.net/hubfs/7052064/hub_generated/module_assets/1/-98459521332/1772827253828/module_image_slider_gallery.min.css]
[cdn.jsdelivr.net/npm/@splidejs/splide@4.1.2/dist/css/splide.min.css]
